
==> Installing Consilium at /opt/consilium for https://governance.example.internal
  log: /opt/consilium/logs/kit-install-20260918-071910.log
  created group consilium
  created system account consilium (no login shell, no password)
  /opt/consilium (code root-owned, sites/ logs/ config/ owned by consilium); backups in /var/backups/consilium

==> Checking the host
  Linux-6.10.14-linuxkit-x86_64-with-glibc2.34; running as root (root)
  PostgreSQL port open at cons-pg:5432
  Redis reachable
  client tools: pg_dump (PostgreSQL) 16.15

==> Verifying the bundle
  unpacking consilium-bundle-linux-x86_64-py311.tar.gz (336 MB)
/usr/lib64/python3.9/tarfile.py:2239: RuntimeWarning: The default behavior of tarfile extraction has been changed to disallow common exploits (including CVE-2007-4559). By default, absolute/parent paths are disallowed and some mode bits are cleared. See https://access.redhat.com/articles/7004769 for more details.
  warnings.warn(
  release abecd3f1fd63: consilium 0.1.0 (source c2c8a91+uncommitted), frappe 15.121.0, for linux/x86_64 Python 3.11, built 2026-09-18T07:16:20+00:00
  all 537 files match their recorded checksums

==> Installing the Python environment from the bundle (no network)
  152 packages installed from the bundle's wheelhouse; pip log pip-20260918-071910.log
  pip log: no index, no download, no git (pip-20260918-071910.log); internet from this host: unreachable
  help-assistant documents -> /opt/consilium/docs; kit -> /opt/consilium/deploy

==> PDF engine
    Dependencies resolved.
    ================================================================================
     Package       Arch       Version                        Repository        Size
    ================================================================================
    Installing:
     wkhtmltox     x86_64     1:0.12.6.1-3.almalinux9        @commandline      15 M
    
    Transaction Summary
    ================================================================================
    Install  1 Package
    
    Total size: 15 M
    Installed size: 121 M
    Downloading Packages:
    Running transaction check
    Transaction check succeeded.
    Running transaction test
    Transaction test succeeded.
    Running transaction
      Preparing        :                                                        1/1 
      Installing       : wkhtmltox-1:0.12.6.1-3.almalinux9.x86_64               1/1 
      Running scriptlet: wkhtmltox-1:0.12.6.1-3.almalinux9.x86_64               1/1 
      Verifying        : wkhtmltox-1:0.12.6.1-3.almalinux9.x86_64               1/1 
    
    Installed:
      wkhtmltox-1:0.12.6.1-3.almalinux9.x86_64                                      
    
    Complete!
  installed wkhtmltox-0.12.6.1-3.almalinux9.x86_64.rpm: wkhtmltopdf 0.12.6.1 (with patched qt)

==> Site
  common_site_config.json: database cons-pg:5432, assistant documents at /opt/consilium/docs
  generated an administrator password in /etc/consilium/secrets/admin_password (mode 0600); change it after first sign-in
    Updating Dashboard for frappe
    *** Scheduler is disabled ***
  created site governance.example.internal on database consilium
    Consilium Policy: 46 database objects re-applied.
    Consilium Escalation: 7 database objects re-applied.
    Updating Dashboard for consilium
  installed the application into the site
    Updating Dashboard for frappe
    Updating Dashboard for consilium
    Consilium Policy: 46 database objects re-applied.
    Consilium Escalation: 7 database objects re-applied.
    Consilium Core: 21 database objects re-applied.
    Consilium: 4 module setup steps ran.
    
    Queued rebuilding of search index for governance.example.internal
  migrated; branding defaults and scope trimming applied

==> Front-end assets
  front-end assets from frappe-assets-v15.121.0.tar.gz, copied (not linked)

==> Reference data and site settings
  reference data loaded (idempotent)
  scheduler          enabled
  site               Europe/London (changed); links use https://governance.example.internal
  email              off
  sso (oidc)         off
  sso (ldap)         off
  assistant          AI off (built-in answers only)

==> Services and reverse proxy
  rendered 8 files into /opt/consilium/config/(systemd|nginx)
  systemd-analyze verify: no problems
  systemd: consilium.target, consilium-web.service, consilium-scheduler.service, consilium-backup.timer, consilium-worker@1.service, consilium-worker@2.service enabled and started
    nginx: the configuration file /etc/nginx/nginx.conf syntax is ok
    nginx: configuration file /etc/nginx/nginx.conf test is successful
  nginx: /etc/nginx/conf.d/consilium.conf installed, configuration test passed, reloaded

==> Health check
    
      pass  Site directory exists                            /opt/consilium/sites/governance.example.internal
      pass  Site configuration is readable                   database consilium
      pass  Framework imports                                frappe 15.121.0
      pass  Database answers                                 PostgreSQL 16.15 on aarch64-unknown-linux-musl
      pass  Database is PostgreSQL                           postgres
      pass  Cache answers                                    redis://cons-redis:6379/0
      pass  Application is installed on the site             frappe, consilium
      pass  Application tables exist                         143 entities, all with tables
      pass  An administrator account exists and is enabled   Administrator enabled
      pass  Front-end assets are present and readable        2180 scripts, 38 stylesheets
      pass  Libraries loaded on demand are present           6 files, including the code editor
      pass  Served assets match the application source       served by copy; 22 files current
      pass  Vendored libraries are present and unmodified    8 files verified
      pass  Nothing references an external host              no CDN or external font references
      pass  PDF engine present                               wkhtmltopdf 0.12.6.1 (with patched qt) at /usr/local/bin/wkhtmltopdf
      pass  Background queues are reachable                  redis://cons-redis:6379/1
      pass  Scheduled jobs are registered                    59 job types
    
      17/17 checks passed. The installation is healthy.

==> Installed
Traceback (most recent call last):
  File "/root/kit/consilium-bundle/install/kit.py", line 2000, in <module>
    raise SystemExit(main())
  File "/root/kit/consilium-bundle/install/kit.py", line 1993, in main
    return args.fn(args)
  File "/root/kit/consilium-bundle/install/kit.py", line 1444, in cmd_install
    Installed at: {cfg.install_dir}  (release {bundle.release_id})
  File "/root/kit/consilium-bundle/install/kit.py", line 594, in release_id
    return hashlib.sha256((self.root / "MANIFEST.json").read_bytes()).hexdigest()[:12]
  File "/usr/lib64/python3.9/pathlib.py", line 1259, in read_bytes
    with self.open(mode='rb') as f:
  File "/usr/lib64/python3.9/pathlib.py", line 1252, in open
    return io.open(self, mode, buffering, encoding, errors, newline,
  File "/usr/lib64/python3.9/pathlib.py", line 1120, in _opener
    return self._accessor.open(self, flags, mode)
FileNotFoundError: [Errno 2] No such file or directory: '/opt/consilium/releases/.incoming/consilium-bundle/MANIFEST.json'

real	2m23.183s
user	1m46.082s
sys	0m9.867s
